// Jest Snapshot v1, https://goo.gl/fbAQLP

exports[`Carousel component snapshot 1`] = `
<div
  className="Carousel"
>
  <h1>
    Image Carousel
  </h1>
  <div
    className="Carousel-main"
  >
    <i
      className="bi bi-arrow-left-circle"
      onClick={[Function]}
    />
    <div
      className="Card"
    >
      <h4
        className="Card-title"
      >
        Caption 1
      </h4>
      <img
        alt="Caption 1"
        className="Card-image"
        src="image1.jpg"
      />
      <small
        className="Card-small"
      >
        Image 
        1
         of 
        2
        .
      </small>
    </div>
    <i
      className="bi bi-arrow-right-circle"
      onClick={[Function]}
    />
  </div>
</div>
`;
